Analyzing recovery_app...                                       

   info - Don't invoke 'print' in production code - lib\delete_unknown_posts.dart:16:3 - avoid_print
   info - Don't invoke 'print' in production code - lib\delete_unknown_posts.dart:25:5 - avoid_print
   info - Don't invoke 'print' in production code - lib\delete_unknown_posts.dart:28:7 - avoid_print
   info - Don't invoke 'print' in production code - lib\delete_unknown_posts.dart:38:9 - avoid_print
   info - Don't invoke 'print' in production code - lib\delete_unknown_posts.dart:42:5 - avoid_print
   info - Don't invoke 'print' in production code - lib\delete_unknown_posts.dart:44:5 - avoid_print
   info - Don't invoke 'print' in production code - lib\delete_user_posts.dart:19:3 - avoid_print
   info - Don't invoke 'print' in production code - lib\delete_user_posts.dart:26:5 - avoid_print
   info - Don't invoke 'print' in production code - lib\delete_user_posts.dart:39:9 - avoid_print
   info - Don't invoke 'print' in production code - lib\delete_user_posts.dart:43:5 - avoid_print
   info - Don't invoke 'print' in production code - lib\delete_user_posts.dart:45:5 - avoid_print
   info - Don't invoke 'print' in production code - lib\list_authors.dart:16:3 - avoid_print
   info - Don't invoke 'print' in production code - lib\list_authors.dart:23:5 - avoid_print
   info - Don't invoke 'print' in production code - lib\list_authors.dart:34:5 - avoid_print
   info - The parameter name 'count' matches a visible type name - lib\list_authors.dart:35:33 - avoid_types_as_parameter_names
   info - Don't invoke 'print' in production code - lib\list_authors.dart:36:7 - avoid_print
   info - Don't invoke 'print' in production code - lib\list_authors.dart:40:5 - avoid_print
   info - Use 'const' with the constructor to improve performance - lib\main.dart:109:18 - prefer_const_constructors
   info - Use 'const' for final variables initialized to a constant value - lib\screens\accountability_screen.dart:156:5 - prefer_const_declarations
   info - The declaration '_buildEndPartnershipButton' isn't referenced - lib\screens\accountability_screen.dart:751:10 - unused_element
   info - The declaration '_buildPendingRequestView' isn't referenced - lib\screens\accountability_screen.dart:766:10 - unused_element
   info - The declaration '_buildIncomingRequests' isn't referenced - lib\screens\accountability_screen.dart:1083:10 - unused_element
  error - The method 'removePartner' isn't defined for the type 'AccountabilityService' - lib\screens\accountability_screen.dart:1309:29 - undefined_method
warning - The value of the local variable 'service' isn't used - lib\screens\accountability_screen.dart:1379:13 - unused_local_variable
warning - The value of the field '_isLoading' isn't used - lib\screens\app_lock_screen.dart:25:8 - unused_field
warning - The value of the local variable 'subtitleText' isn't used - lib\screens\commitment_screen.dart:94:12 - unused_local_variable
warning - The value of the local variable 'parchmentLight' isn't used - lib\screens\commitment_screen.dart:136:11 - unused_local_variable
warning - The value of the local variable 'parchmentDark' isn't used - lib\screens\commitment_screen.dart:137:11 - unused_local_variable
warning - The value of the local variable 'inkBrown' isn't used - lib\screens\commitment_screen.dart:139:11 - unused_local_variable
warning - The value of the local variable 'waxSeal' isn't used - lib\screens\commitment_screen.dart:140:11 - unused_local_variable
warning - The value of the local variable 'parchmentColor' isn't used - lib\screens\commitment_screen.dart:433:11 - unused_local_variable
   info - The declaration '_buildCornerDecoration' isn't referenced - lib\screens\commitment_screen.dart:660:10 - unused_element
   info - Use 'const' with the constructor to improve performance - lib\screens\community_posts_screen.dart:269:33 - prefer_const_constructors
   info - Don't use 'BuildContext's across async gaps, guarded by an unrelated 'mounted' check - lib\screens\community_posts_screen.dart:648:40 - use_build_context_synchronously
   info - Don't use 'BuildContext's across async gaps, guarded by an unrelated 'mounted' check - lib\screens\community_posts_screen.dart:729:42 - use_build_context_synchronously
   info - Don't use 'BuildContext's across async gaps, guarded by an unrelated 'mounted' check - lib\screens\community_posts_screen.dart:780:42 - use_build_context_synchronously
   info - Don't use 'BuildContext's across async gaps, guarded by an unrelated 'mounted' check - lib\screens\community_posts_screen.dart:818:42 - use_build_context_synchronously
   info - Don't use 'BuildContext's across async gaps, guarded by an unrelated 'mounted' check - lib\screens\community_posts_screen.dart:884:48 - use_build_context_synchronously
   info - Use 'const' with the constructor to improve performance - lib\screens\community_screen.dart:489:31 - prefer_const_constructors
   info - Don't use 'BuildContext's across async gaps, guarded by an unrelated 'mounted' check - lib\screens\community_screen.dart:1022:44 - use_build_context_synchronously
   info - Don't use 'BuildContext's across async gaps, guarded by an unrelated 'mounted' check - lib\screens\community_screen.dart:1044:44 - use_build_context_synchronously
   info - Don't use 'BuildContext's across async gaps, guarded by an unrelated 'mounted' check - lib\screens\community_screen.dart:1066:44 - use_build_context_synchronously
   info - Don't use 'BuildContext's across async gaps, guarded by an unrelated 'mounted' check - lib\screens\community_screen.dart:1088:44 - use_build_context_synchronously
   info - Don't use 'BuildContext's across async gaps, guarded by an unrelated 'mounted' check - lib\screens\community_screen.dart:1164:46 - use_build_context_synchronously
   info - Don't use 'BuildContext's across async gaps, guarded by an unrelated 'mounted' check - lib\screens\community_screen.dart:1200:44 - use_build_context_synchronously
   info - Don't use 'BuildContext's across async gaps, guarded by an unrelated 'mounted' check - lib\screens\community_screen.dart:1906:35 - use_build_context_synchronously
   info - Don't use 'BuildContext's across async gaps, guarded by an unrelated 'mounted' check - lib\screens\community_screen.dart:1908:44 - use_build_context_synchronously
   info - Don't use 'BuildContext's across async gaps, guarded by an unrelated 'mounted' check - lib\screens\community_screen.dart:1922:44 - use_build_context_synchronously
   info - Don't use 'BuildContext's across async gaps, guarded by an unrelated 'mounted' check - lib\screens\content_management_screen.dart:211:35 - use_build_context_synchronously
   info - Don't use 'BuildContext's across async gaps, guarded by an unrelated 'mounted' check - lib\screens\content_management_screen.dart:212:42 - use_build_context_synchronously
warning - The value of the local variable 'autoTranslate' isn't used - lib\screens\content_management_screen.dart:232:10 - unused_local_variable
   info - Don't use 'BuildContext's across async gaps, guarded by an unrelated 'mounted' check - lib\screens\content_management_screen.dart:271:35 - use_build_context_synchronously
   info - Don't use 'BuildContext's across async gaps, guarded by an unrelated 'mounted' check - lib\screens\content_management_screen.dart:272:42 - use_build_context_synchronously
   info - Don't use 'BuildContext's across async gaps, guarded by an unrelated 'mounted' check - lib\screens\content_management_screen.dart:352:35 - use_build_context_synchronously
   info - Don't use 'BuildContext's across async gaps, guarded by an unrelated 'mounted' check - lib\screens\content_management_screen.dart:353:42 - use_build_context_synchronously
warning - The value of the local variable 'islamicGold' isn't used - lib\screens\content_management_screen.dart:897:11 - unused_local_variable
   info - Use 'const' with the constructor to improve performance - lib\screens\content_management_screen.dart:992:31 - prefer_const_constructors
   info - The private field _isUploading could be 'final' - lib\screens\content_management_screen.dart:1022:8 - prefer_final_fields
warning - The value of the field '_isUploading' isn't used - lib\screens\content_management_screen.dart:1022:8 - unused_field
   info - Don't use 'BuildContext's across async gaps, guarded by an unrelated 'mounted' check - lib\screens\content_management_screen.dart:1407:46 - use_build_context_synchronously
warning - Dead code - lib\screens\content_management_screen.dart:1638:29 - dead_code
   info - Use 'const' with the constructor to improve performance - lib\screens\content_management_screen.dart:1682:29 - prefer_const_constructors
warning - Dead code - lib\screens\content_management_screen.dart:1715:29 - dead_code
   info - Use 'const' with the constructor to improve performance - lib\screens\content_management_screen.dart:1792:37 - prefer_const_constructors
   info - Use 'const' with the constructor to improve performance - lib\screens\content_management_screen.dart:1808:37 - prefer_const_constructors
   info - Don't use 'BuildContext's across async gaps, guarded by an unrelated 'mounted' check - lib\screens\content_management_screen.dart:1857:41 - use_build_context_synchronously
   info - Unnecessary 'this.' qualifier - lib\screens\content_management_screen.dart:1910:51 - unnecessary_this
   info - Unnecessary 'this.' qualifier - lib\screens\content_management_screen.dart:2226:53 - unnecessary_this
   info - Use 'const' with the constructor to improve performance - lib\screens\content_management_screen.dart:2359:35 - prefer_const_constructors
   info - Unnecessary 'this.' qualifier - lib\screens\content_management_screen.dart:2375:55 - unnecessary_this
   info - Don't use 'BuildContext's across async gaps, guarded by an unrelated 'mounted' check - lib\screens\group_chat_screen.dart:706:46 - use_build_context_synchronously
   info - Don't use 'BuildContext's across async gaps, guarded by an unrelated 'mounted' check - lib\screens\group_chat_screen.dart:745:44 - use_build_context_synchronously
   info - Don't use 'BuildContext's across async gaps, guarded by an unrelated 'mounted' check - lib\screens\group_settings_screen.dart:438:42 - use_build_context_synchronously
   info - Don't use 'BuildContext's across async gaps, guarded by an unrelated 'mounted' check - lib\screens\group_settings_screen.dart:459:42 - use_build_context_synchronously
   info - Don't use 'BuildContext's across async gaps, guarded by an unrelated 'mounted' check - lib\screens\group_settings_screen.dart:794:46 - use_build_context_synchronously
   info - Don't use 'BuildContext's across async gaps, guarded by an unrelated 'mounted' check - lib\screens\group_settings_screen.dart:842:44 - use_build_context_synchronously
   info - Don't use 'BuildContext's across async gaps, guarded by an unrelated 'mounted' check - lib\screens\group_settings_screen.dart:878:33 - use_build_context_synchronously
   info - Don't use 'BuildContext's across async gaps, guarded by an unrelated 'mounted' check - lib\screens\group_settings_screen.dart:879:33 - use_build_context_synchronously
   info - Don't use 'BuildContext's across async gaps, guarded by an unrelated 'mounted' check - lib\screens\group_settings_screen.dart:880:33 - use_build_context_synchronously
   info - Don't use 'BuildContext's across async gaps, guarded by an unrelated 'mounted' check - lib\screens\group_settings_screen.dart:917:33 - use_build_context_synchronously
   info - Don't use 'BuildContext's across async gaps, guarded by an unrelated 'mounted' check - lib\screens\group_settings_screen.dart:918:33 - use_build_context_synchronously
   info - Don't use 'BuildContext's across async gaps, guarded by an unrelated 'mounted' check - lib\screens\group_settings_screen.dart:919:33 - use_build_context_synchronously
   info - Don't use 'BuildContext's across async gaps, guarded by an unrelated 'mounted' check - lib\screens\groups_screen.dart:675:41 - use_build_context_synchronously
   info - Don't use 'BuildContext's across async gaps, guarded by an unrelated 'mounted' check - lib\screens\groups_screen.dart:676:42 - use_build_context_synchronously
   info - The import of 'dart:ui' is unnecessary because all of the used elements are also provided by the import of 'package:flutter/material.dart' - lib\screens\habits_screen.dart:3:8 - unnecessary_import
   info - Use 'const' with the constructor to improve performance - lib\screens\habits_screen.dart:193:23 - prefer_const_constructors
   info - Use 'const' literals as arguments to constructors of '@immutable' classes - lib\screens\habits_screen.dart:196:23 - prefer_const_literals_to_create_immutables
   info - Use 'const' with the constructor to improve performance - lib\screens\habits_screen.dart:1203:47 - prefer_const_constructors
   info - Use 'const' with the constructor to improve performance - lib\screens\habits_screen.dart:1207:47 - prefer_const_constructors
   info - The import of 'dart:ui' is unnecessary because all of the used elements are also provided by the import of 'package:flutter/material.dart' - lib\screens\home_screen.dart:2:8 - unnecessary_import
   info - The private field _isTipsExpanded could be 'final' - lib\screens\home_screen.dart:48:8 - prefer_final_fields
warning - The value of the field '_isTipsExpanded' isn't used - lib\screens\home_screen.dart:48:8 - unused_field
   info - The declaration '_getLeaderboardTitle' isn't referenced - lib\screens\home_screen.dart:100:10 - unused_element
   info - Use 'const' with the constructor to improve performance - lib\screens\home_screen.dart:128:73 - prefer_const_constructors
   info - Use 'const' with the constructor to improve performance - lib\screens\home_screen.dart:232:73 - prefer_const_constructors
   info - Use 'const' with the constructor to improve performance - lib\screens\home_screen.dart:357:43 - prefer_const_constructors
   info - Use 'const' with the constructor to improve performance - lib\screens\home_screen.dart:374:43 - prefer_const_constructors
   info - Don't use 'BuildContext's across async gaps, guarded by an unrelated 'mounted' check - lib\screens\home_screen.dart:562:46 - use_build_context_synchronously
   info - Don't use 'BuildContext's across async gaps, guarded by an unrelated 'mounted' check - lib\screens\home_screen.dart:570:19 - use_build_context_synchronously
   info - Don't use 'BuildContext's across async gaps, guarded by an unrelated 'mounted' check - lib\screens\home_screen.dart:576:46 - use_build_context_synchronously
   info - Don't use 'BuildContext's across async gaps, guarded by an unrelated 'mounted' check - lib\screens\home_screen.dart:586:33 - use_build_context_synchronously
   info - The declaration '_getCurrentQuote' isn't referenced - lib\screens\home_screen.dart:641:10 - unused_element
   info - The declaration '_buildTimeUnit' isn't referenced - lib\screens\home_screen.dart:823:10 - unused_element
   info - The declaration '_launchUrl' isn't referenced - lib\screens\home_screen.dart:960:16 - unused_element
   info - The declaration '_buildRafiqCard' isn't referenced - lib\screens\home_screen.dart:1158:10 - unused_element
   info - The declaration '_buildBreathingExerciseCard' isn't referenced - lib\screens\home_screen.dart:1260:10 - unused_element
   info - The declaration '_buildStoriesCard' isn't referenced - lib\screens\home_screen.dart:1477:10 - unused_element
   info - The declaration '_buildCommitmentCard' isn't referenced - lib\screens\home_screen.dart:1578:10 - unused_element
   info - The declaration '_buildJournalCard' isn't referenced - lib\screens\home_screen.dart:1969:10 - unused_element
   info - The declaration '_buildTimeSeparator' isn't referenced - lib\screens\home_screen.dart:2068:10 - unused_element
warning - The value of the local variable 'islamicGreen' isn't used - lib\screens\home_screen.dart:2360:11 - unused_local_variable
warning - The value of the local variable 'islamicTeal' isn't used - lib\screens\home_screen.dart:2361:11 - unused_local_variable
   info - Use 'const' with the constructor to improve performance - lib\screens\home_screen.dart:2460:17 - prefer_const_constructors
   info - Use 'const' with the constructor to improve performance - lib\screens\home_screen.dart:2461:26 - prefer_const_constructors
   info - Use 'const' with the constructor to improve performance - lib\screens\home_screen.dart:2463:28 - prefer_const_constructors
warning - The value of the local variable 'todayText' isn't used - lib\screens\journal_screen.dart:98:86 - unused_local_variable
   info - Use 'const' with the constructor to improve performance - lib\screens\leaderboard_screen.dart:202:13 - prefer_const_constructors
   info - Use 'const' with the constructor to improve performance - lib\screens\leaderboard_screen.dart:237:29 - prefer_const_constructors
   info - Don't use 'BuildContext's across async gaps - lib\screens\leaderboard_screen.dart:256:31 - use_build_context_synchronously
   info - Use 'const' with the constructor to improve performance - lib\screens\leaderboard_screen.dart:380:21 - prefer_const_constructors
   info - Don't use web-only libraries outside Flutter web plugin packages - lib\screens\pdf_reader_screen.dart:1:1 - avoid_web_libraries_in_flutter
   info - Use 'const' with the constructor to improve performance - lib\screens\settings_screen.dart:274:25 - prefer_const_constructors
   info - The 'child' argument should be last in widget constructor invocations - lib\screens\settings_screen.dart:275:11 - sort_child_properties_last
warning - The value of the local variable 'subtitleText' isn't used - lib\screens\stories_screen.dart:82:12 - unused_local_variable
   info - The declaration '_buildOrnament' isn't referenced - lib\screens\stories_screen.dart:310:10 - unused_element
   info - The declaration '_buildOrnament' isn't referenced - lib\screens\tips_screen.dart:304:10 - unused_element
   info - The declaration '_getStatusIcon' isn't referenced - lib\screens\tracking_screen.dart:62:12 - unused_element
   info - The constant name 'MAX_PARTNERS' isn't a lowerCamelCase identifier - lib\services\accountability_service.dart:102:20 - constant_identifier_names
   info - Use 'const' with the constructor to improve performance - lib\services\badges_service.dart:48:7 - prefer_const_constructors
   info - Use 'const' with the constructor to improve performance - lib\services\badges_service.dart:49:7 - prefer_const_constructors
   info - Use 'const' with the constructor to improve performance - lib\services\badges_service.dart:50:7 - prefer_const_constructors
   info - Use 'const' with the constructor to improve performance - lib\services\badges_service.dart:51:7 - prefer_const_constructors
   info - Use 'const' with the constructor to improve performance - lib\services\badges_service.dart:52:7 - prefer_const_constructors
   info - Use 'const' with the constructor to improve performance - lib\services\badges_service.dart:53:7 - prefer_const_constructors
   info - Use 'const' with the constructor to improve performance - lib\services\badges_service.dart:54:7 - prefer_const_constructors
   info - Use 'const' with the constructor to improve performance - lib\services\badges_service.dart:55:7 - prefer_const_constructors
   info - Use 'const' with the constructor to improve performance - lib\services\badges_service.dart:56:7 - prefer_const_constructors
   info - Use 'const' with the constructor to improve performance - lib\services\badges_service.dart:57:7 - prefer_const_constructors
   info - Use 'const' with the constructor to improve performance - lib\services\badges_service.dart:58:7 - prefer_const_constructors
   info - Use 'const' with the constructor to improve performance - lib\services\badges_service.dart:59:7 - prefer_const_constructors
   info - Use 'const' with the constructor to improve performance - lib\services\badges_service.dart:60:7 - prefer_const_constructors
   info - Use 'const' with the constructor to improve performance - lib\services\badges_service.dart:61:7 - prefer_const_constructors
   info - Use 'const' with the constructor to improve performance - lib\services\badges_service.dart:62:7 - prefer_const_constructors
   info - Use 'const' with the constructor to improve performance - lib\services\badges_service.dart:63:7 - prefer_const_constructors
   info - Use 'const' with the constructor to improve performance - lib\services\badges_service.dart:64:7 - prefer_const_constructors
   info - Use 'const' with the constructor to improve performance - lib\services\badges_service.dart:65:7 - prefer_const_constructors
   info - Use 'const' with the constructor to improve performance - lib\services\badges_service.dart:66:7 - prefer_const_constructors
   info - Use 'const' with the constructor to improve performance - lib\services\badges_service.dart:67:7 - prefer_const_constructors
   info - Use 'const' with the constructor to improve performance - lib\services\badges_service.dart:68:7 - prefer_const_constructors
   info - Use 'const' with the constructor to improve performance - lib\services\badges_service.dart:69:7 - prefer_const_constructors
   info - Use 'const' with the constructor to improve performance - lib\services\badges_service.dart:70:7 - prefer_const_constructors
   info - Use 'const' with the constructor to improve performance - lib\services\badges_service.dart:71:7 - prefer_const_constructors
   info - Use 'const' with the constructor to improve performance - lib\services\badges_service.dart:72:7 - prefer_const_constructors
   info - Use 'const' with the constructor to improve performance - lib\services\badges_service.dart:73:7 - prefer_const_constructors
   info - The declaration '_getIconForDays' isn't referenced - lib\services\badges_service.dart:80:19 - unused_element
   info - The declaration '_getColorForDays' isn't referenced - lib\services\badges_service.dart:87:16 - unused_element
   info - The declaration '_getLevelForDays' isn't referenced - lib\services\badges_service.dart:95:17 - unused_element
   info - The parameter name 'sum' matches a visible type name - lib\services\habits_service.dart:511:33 - avoid_types_as_parameter_names
   info - The import of 'dart:typed_data' is unnecessary because all of the used elements are also provided by the import of 'package:flutter/foundation.dart' - lib\services\library_service.dart:1:8 - unnecessary_import
   info - The declaration '_nextInstanceOfTime' isn't referenced - lib\services\notification_service.dart:78:17 - unused_element
   info - Don't invoke 'print' in production code - lib\services\private_message_service.dart:128:7 - avoid_print
   info - Don't invoke 'print' in production code - lib\services\private_message_service.dart:262:7 - avoid_print
   info - Don't invoke 'print' in production code - lib\services\private_message_service.dart:287:7 - avoid_print
   info - Don't invoke 'print' in production code - lib\services\private_message_service.dart:297:7 - avoid_print
   info - Don't invoke 'print' in production code - lib\services\private_message_service.dart:313:7 - avoid_print
   info - Don't invoke 'print' in production code - lib\services\private_message_service.dart:346:7 - avoid_print
   info - Don't invoke 'print' in production code - lib\services\private_message_service.dart:363:7 - avoid_print
   info - Don't invoke 'print' in production code - lib\services\private_message_service.dart:384:7 - avoid_print
   info - Don't invoke 'print' in production code - lib\services\private_message_service.dart:450:7 - avoid_print
   info - Don't invoke 'print' in production code - lib\services\private_message_service.dart:465:7 - avoid_print
   info - The import of 'dart:typed_data' is unnecessary because all of the used elements are also provided by the import of 'package:flutter/foundation.dart' - lib\services\upload_service.dart:2:8 - unnecessary_import
warning - Unused import: 'dart:io' - lib\widgets\reactions_widget.dart:3:8 - unused_import

172 issues found. (ran in 18.9s)
