Analyzing recovery_app...                                       

   info - Don't invoke 'print' in production code - lib\delete_unknown_posts.dart:16:3 - avoid_print
   info - Don't invoke 'print' in production code - lib\delete_unknown_posts.dart:25:5 - avoid_print
   info - Don't invoke 'print' in production code - lib\delete_unknown_posts.dart:28:7 - avoid_print
   info - Don't invoke 'print' in production code - lib\delete_unknown_posts.dart:38:9 - avoid_print
   info - Don't invoke 'print' in production code - lib\delete_unknown_posts.dart:42:5 - avoid_print
   info - Don't invoke 'print' in production code - lib\delete_unknown_posts.dart:44:5 - avoid_print
   info - Don't invoke 'print' in production code - lib\delete_user_posts.dart:19:3 - avoid_print
   info - Don't invoke 'print' in production code - lib\delete_user_posts.dart:26:5 - avoid_print
   info - Don't invoke 'print' in production code - lib\delete_user_posts.dart:39:9 - avoid_print
   info - Don't invoke 'print' in production code - lib\delete_user_posts.dart:43:5 - avoid_print
   info - Don't invoke 'print' in production code - lib\delete_user_posts.dart:45:5 - avoid_print
   info - Don't invoke 'print' in production code - lib\list_authors.dart:16:3 - avoid_print
   info - Don't invoke 'print' in production code - lib\list_authors.dart:23:5 - avoid_print
   info - Don't invoke 'print' in production code - lib\list_authors.dart:34:5 - avoid_print
   info - The parameter name 'count' matches a visible type name - lib\list_authors.dart:35:33 - avoid_types_as_parameter_names
   info - Don't invoke 'print' in production code - lib\list_authors.dart:36:7 - avoid_print
   info - Don't invoke 'print' in production code - lib\list_authors.dart:40:5 - avoid_print
   info - Use 'const' with the constructor to improve performance - lib\main.dart:109:18 - prefer_const_constructors
   info - Use 'const' for final variables initialized to a constant value - lib\screens\accountability_screen.dart:176:5 - prefer_const_declarations
   info - The declaration '_buildEndPartnershipButton' isn't referenced - lib\screens\accountability_screen.dart:771:10 - unused_element
   info - The declaration '_buildIncomingRequests' isn't referenced - lib\screens\accountability_screen.dart:1077:10 - unused_element
warning - The value of the local variable 'service' isn't used - lib\screens\accountability_screen.dart:1505:13 - unused_local_variable
   info - The declaration '_getWaitingText' isn't referenced - lib\screens\accountability_screen.dart:1747:10 - unused_element
   info - The declaration '_getCancelRequestText' isn't referenced - lib\screens\accountability_screen.dart:1755:10 - unused_element
warning - The value of the field '_isLoading' isn't used - lib\screens\app_lock_screen.dart:25:8 - unused_field
  error - Missing concrete implementation of 'State.build' - lib\screens\challenge_screen.dart:14:7 - non_abstract_class_inherits_abstract_member
   info - The private field _isLoading could be 'final' - lib\screens\challenge_screen.dart:20:8 - prefer_final_fields
   info - The private field _currentTab could be 'final' - lib\screens\challenge_screen.dart:21:7 - prefer_final_fields
  error - Expected to find ';' - lib\screens\challenge_screen.dart:68:7 - expected_token
  error - Expected an identifier - lib\screens\challenge_screen.dart:68:8 - missing_identifier
  error - Unexpected text ';' - lib\screens\challenge_screen.dart:68:8 - unexpected_token
   info - Unnecessary empty statement - lib\screens\challenge_screen.dart:68:9 - empty_statements
   info - The member 'setState' overrides an inherited member but isn't annotated with '@override' - lib\screens\challenge_screen.dart:71:5 - annotate_overrides
   info - Use the generic function type syntax to declare the parameter '' - lib\screens\challenge_screen.dart:71:14 - use_function_type_syntax_for_parameters
  error - Expected an identifier - lib\screens\challenge_screen.dart:71:14 - missing_identifier
  error - Expected to find ')' - lib\screens\challenge_screen.dart:71:17 - expected_token
  error - Undefined name 'context' - lib\screens\challenge_screen.dart:75:47 - undefined_identifier
  error - Undefined name '_challengeService' - lib\screens\challenge_screen.dart:78:19 - undefined_identifier
  error - Undefined name 'context' - lib\screens\challenge_screen.dart:81:16 - undefined_identifier
   info - Use 'const' with the constructor to improve performance - lib\screens\challenge_screen.dart:94:19 - prefer_const_constructors
   info - Use 'const' with the constructor to improve performance - lib\screens\challenge_screen.dart:94:37 - prefer_const_constructors
   info - Use 'const' with the constructor to improve performance - lib\screens\challenge_screen.dart:95:44 - prefer_const_constructors
  error - Undefined name '_challengeService' - lib\screens\challenge_screen.dart:119:19 - undefined_identifier
   info - Use 'const' with the constructor to improve performance - lib\screens\challenge_screen.dart:124:31 - prefer_const_constructors
   info - Use 'const' literals as arguments to constructors of '@immutable' classes - lib\screens\challenge_screen.dart:124:54 - prefer_const_literals_to_create_immutables
  error - Undefined name 'context' - lib\screens\challenge_screen.dart:157:47 - undefined_identifier
  error - Undefined name 'context' - lib\screens\challenge_screen.dart:159:16 - undefined_identifier
  error - Undefined name '_challengeService' - lib\screens\challenge_screen.dart:191:21 - undefined_identifier
   info - Don't use 'BuildContext's across async gaps - lib\screens\challenge_screen.dart:192:29 - use_build_context_synchronously
  error - The function 'setState' isn't defined - lib\screens\challenge_screen.dart:193:15 - undefined_function
  error - Undefined name '_pulseController' - lib\screens\challenge_screen.dart:223:5 - undefined_identifier
  error - Undefined name '_floatController' - lib\screens\challenge_screen.dart:224:5 - undefined_identifier
  error - Invalid context for 'super' invocation - lib\screens\challenge_screen.dart:225:5 - super_in_invalid_context
  error - Undefined name '_isLoading' - lib\screens\challenge_screen.dart:233:9 - undefined_identifier
  error - Undefined name '_currentTab' - lib\screens\challenge_screen.dart:256:26 - undefined_identifier
  error - Undefined name '_challengeService' - lib\screens\challenge_screen.dart:257:26 - undefined_identifier
  error - Undefined name '_currentTab' - lib\screens\challenge_screen.dart:260:25 - undefined_identifier
  error - Undefined name 'context' - lib\screens\challenge_screen.dart:278:44 - undefined_identifier
  error - Undefined name '_challengeService' - lib\screens\challenge_screen.dart:281:15 - undefined_identifier
   info - Use 'const' with the constructor to improve performance - lib\screens\challenge_screen.dart:282:14 - prefer_const_constructors
  error - Undefined name '_challengeService' - lib\screens\challenge_screen.dart:302:15 - undefined_identifier
  error - Undefined name '_challengeService' - lib\screens\challenge_screen.dart:315:24 - undefined_identifier
  error - Undefined name '_currentTab' - lib\screens\challenge_screen.dart:331:22 - undefined_identifier
  error - The function 'setState' isn't defined - lib\screens\challenge_screen.dart:333:20 - undefined_function
  error - Undefined name '_currentTab' - lib\screens\challenge_screen.dart:333:35 - undefined_identifier
  error - Undefined name '_challengeService' - lib\screens\challenge_screen.dart:356:10 - undefined_identifier
  error - Undefined name '_challengeService' - lib\screens\challenge_screen.dart:359:19 - undefined_identifier
  error - Undefined name '_challengeService' - lib\screens\challenge_screen.dart:368:19 - undefined_identifier
  error - Undefined name '_challengeService' - lib\screens\challenge_screen.dart:369:26 - undefined_identifier
  error - Undefined name 'context' - lib\screens\challenge_screen.dart:497:16 - undefined_identifier
  error - Undefined name '_challengeService' - lib\screens\challenge_screen.dart:578:24 - undefined_identifier
  error - Undefined name '_challengeService' - lib\screens\challenge_screen.dart:579:21 - undefined_identifier
  error - Undefined name '_challengeService' - lib\screens\challenge_screen.dart:620:26 - undefined_identifier
  error - Undefined name '_challengeService' - lib\screens\challenge_screen.dart:623:26 - undefined_identifier
  error - Undefined name '_challengeService' - lib\screens\challenge_screen.dart:682:21 - undefined_identifier
  error - Undefined name '_challengeService' - lib\screens\challenge_screen.dart:685:20 - undefined_identifier
  error - Undefined name '_challengeService' - lib\screens\challenge_screen.dart:686:20 - undefined_identifier
  error - Undefined name 'context' - lib\screens\challenge_screen.dart:695:16 - undefined_identifier
  error - Undefined name '_floatAnimation' - lib\screens\challenge_screen.dart:721:26 - undefined_identifier
  error - Undefined name '_floatAnimation' - lib\screens\challenge_screen.dart:724:37 - undefined_identifier
  error - Undefined name '_pulseAnimation' - lib\screens\challenge_screen.dart:775:26 - undefined_identifier
  error - Undefined name '_pulseAnimation' - lib\screens\challenge_screen.dart:777:47 - undefined_identifier
  error - Undefined name '_challengeService' - lib\screens\challenge_screen.dart:781:25 - undefined_identifier
  error - The function 'setState' isn't defined - lib\screens\challenge_screen.dart:782:19 - undefined_function
  error - Undefined name '_challengeService' - lib\screens\challenge_screen.dart:908:24 - undefined_identifier
  error - Undefined name '_challengeService' - lib\screens\challenge_screen.dart:909:26 - undefined_identifier
  error - Undefined name '_challengeService' - lib\screens\challenge_screen.dart:910:23 - undefined_identifier
  error - Undefined name '_challengeService' - lib\screens\challenge_screen.dart:911:26 - undefined_identifier
  error - Undefined name '_challengeService' - lib\screens\challenge_screen.dart:912:24 - undefined_identifier
  error - Undefined name '_challengeService' - lib\screens\challenge_screen.dart:983:24 - undefined_identifier
  error - Undefined name '_floatAnimation' - lib\screens\challenge_screen.dart:990:18 - undefined_identifier
  error - Undefined name '_floatAnimation' - lib\screens\challenge_screen.dart:992:54 - undefined_identifier
   info - Use 'const' with the constructor to improve performance - lib\screens\challenge_screen.dart:1149:99 - prefer_const_constructors
  error - Undefined name '_challengeService' - lib\screens\challenge_screen.dart:1158:35 - undefined_identifier
  error - Undefined name '_challengeService' - lib\screens\challenge_screen.dart:1163:23 - undefined_identifier
  error - The function 'setState' isn't defined - lib\screens\challenge_screen.dart:1164:23 - undefined_function
   info - Use 'const' with the constructor to improve performance - lib\screens\challenge_screen.dart:1172:97 - prefer_const_constructors
  error - Undefined name '_challengeService' - lib\screens\challenge_screen.dart:1182:25 - undefined_identifier
  error - The function 'setState' isn't defined - lib\screens\challenge_screen.dart:1183:19 - undefined_function
  error - Undefined name '_challengeService' - lib\screens\challenge_screen.dart:1206:29 - undefined_identifier
  error - Undefined name '_challengeService' - lib\screens\challenge_screen.dart:1295:15 - undefined_identifier
  error - Undefined name 'context' - lib\screens\challenge_screen.dart:1386:16 - undefined_identifier
  error - Undefined name '_challengeService' - lib\screens\challenge_screen.dart:1399:21 - undefined_identifier
   info - Don't use 'BuildContext's across async gaps - lib\screens\challenge_screen.dart:1400:29 - use_build_context_synchronously
  error - The function 'setState' isn't defined - lib\screens\challenge_screen.dart:1401:15 - undefined_function
   info - The declaration '_getAndMore' isn't referenced - lib\screens\challenge_screen.dart:1432:10 - unused_element
  error - The name '_getStageName' is already defined - lib\screens\challenge_screen.dart:1474:10 - duplicate_definition
  error - Undefined name 'context' - lib\screens\challenge_screen.dart:1489:47 - undefined_identifier
  error - Undefined name 'context' - lib\screens\challenge_screen.dart:1494:16 - undefined_identifier
  error - Undefined name '_challengeService' - lib\screens\challenge_screen.dart:1552:24 - undefined_identifier
  error - Undefined name 'context' - lib\screens\challenge_screen.dart:1567:47 - undefined_identifier
  error - Undefined name 'context' - lib\screens\challenge_screen.dart:1571:16 - undefined_identifier
   info - Use 'const' with the constructor to improve performance - lib\screens\challenge_screen.dart:1588:28 - prefer_const_constructors
  error - Undefined name '_challengeService' - lib\screens\challenge_screen.dart:1600:17 - undefined_identifier
  error - Undefined name 'context' - lib\screens\challenge_screen.dart:1616:47 - undefined_identifier
  error - Undefined name 'context' - lib\screens\challenge_screen.dart:1618:16 - undefined_identifier
   info - Use 'const' with the constructor to improve performance - lib\screens\challenge_screen.dart:1655:24 - prefer_const_constructors
   info - Use 'const' literals as arguments to constructors of '@immutable' classes - lib\screens\challenge_screen.dart:1656:29 - prefer_const_literals_to_create_immutables
   info - Use 'const' with the constructor to improve performance - lib\screens\challenge_screen.dart:1657:21 - prefer_const_constructors
   info - Use 'const' with the constructor to improve performance - lib\screens\challenge_screen.dart:1657:39 - prefer_const_constructors
   info - Use 'const' with the constructor to improve performance - lib\screens\challenge_screen.dart:1659:21 - prefer_const_constructors
   info - Use 'const' with the constructor to improve performance - lib\screens\challenge_screen.dart:1659:44 - prefer_const_constructors
  error - Expected a method, getter, setter or operator declaration - lib\screens\challenge_screen.dart:1680:1 - expected_executable
warning - The value of the local variable 'subtitleText' isn't used - lib\screens\commitment_screen.dart:94:12 - unused_local_variable
warning - The value of the local variable 'parchmentLight' isn't used - lib\screens\commitment_screen.dart:136:11 - unused_local_variable
warning - The value of the local variable 'parchmentDark' isn't used - lib\screens\commitment_screen.dart:137:11 - unused_local_variable
warning - The value of the local variable 'inkBrown' isn't used - lib\screens\commitment_screen.dart:139:11 - unused_local_variable
warning - The value of the local variable 'waxSeal' isn't used - lib\screens\commitment_screen.dart:140:11 - unused_local_variable
warning - The value of the local variable 'parchmentColor' isn't used - lib\screens\commitment_screen.dart:433:11 - unused_local_variable
   info - The declaration '_buildCornerDecoration' isn't referenced - lib\screens\commitment_screen.dart:660:10 - unused_element
   info - Don't use 'BuildContext's across async gaps, guarded by an unrelated 'mounted' check - lib\screens\community_posts_screen.dart:634:40 - use_build_context_synchronously
   info - Don't use 'BuildContext's across async gaps, guarded by an unrelated 'mounted' check - lib\screens\community_posts_screen.dart:715:42 - use_build_context_synchronously
   info - Don't use 'BuildContext's across async gaps, guarded by an unrelated 'mounted' check - lib\screens\community_posts_screen.dart:766:42 - use_build_context_synchronously
   info - Don't use 'BuildContext's across async gaps, guarded by an unrelated 'mounted' check - lib\screens\community_posts_screen.dart:804:42 - use_build_context_synchronously
   info - Don't use 'BuildContext's across async gaps, guarded by an unrelated 'mounted' check - lib\screens\community_posts_screen.dart:870:48 - use_build_context_synchronously
   info - Use 'const' with the constructor to improve performance - lib\screens\community_screen.dart:489:31 - prefer_const_constructors
   info - Don't use 'BuildContext's across async gaps, guarded by an unrelated 'mounted' check - lib\screens\community_screen.dart:1022:44 - use_build_context_synchronously
   info - Don't use 'BuildContext's across async gaps, guarded by an unrelated 'mounted' check - lib\screens\community_screen.dart:1044:44 - use_build_context_synchronously
   info - Don't use 'BuildContext's across async gaps, guarded by an unrelated 'mounted' check - lib\screens\community_screen.dart:1066:44 - use_build_context_synchronously
   info - Don't use 'BuildContext's across async gaps, guarded by an unrelated 'mounted' check - lib\screens\community_screen.dart:1088:44 - use_build_context_synchronously
   info - Don't use 'BuildContext's across async gaps, guarded by an unrelated 'mounted' check - lib\screens\community_screen.dart:1164:46 - use_build_context_synchronously
   info - Don't use 'BuildContext's across async gaps, guarded by an unrelated 'mounted' check - lib\screens\community_screen.dart:1200:44 - use_build_context_synchronously
   info - Don't use 'BuildContext's across async gaps, guarded by an unrelated 'mounted' check - lib\screens\community_screen.dart:1906:35 - use_build_context_synchronously
   info - Don't use 'BuildContext's across async gaps, guarded by an unrelated 'mounted' check - lib\screens\community_screen.dart:1908:44 - use_build_context_synchronously
   info - Don't use 'BuildContext's across async gaps, guarded by an unrelated 'mounted' check - lib\screens\community_screen.dart:1922:44 - use_build_context_synchronously
   info - Don't use 'BuildContext's across async gaps, guarded by an unrelated 'mounted' check - lib\screens\content_management_screen.dart:211:35 - use_build_context_synchronously
   info - Don't use 'BuildContext's across async gaps, guarded by an unrelated 'mounted' check - lib\screens\content_management_screen.dart:212:42 - use_build_context_synchronously
warning - The value of the local variable 'autoTranslate' isn't used - lib\screens\content_management_screen.dart:232:10 - unused_local_variable
   info - Don't use 'BuildContext's across async gaps, guarded by an unrelated 'mounted' check - lib\screens\content_management_screen.dart:271:35 - use_build_context_synchronously
   info - Don't use 'BuildContext's across async gaps, guarded by an unrelated 'mounted' check - lib\screens\content_management_screen.dart:272:42 - use_build_context_synchronously
   info - Don't use 'BuildContext's across async gaps, guarded by an unrelated 'mounted' check - lib\screens\content_management_screen.dart:352:35 - use_build_context_synchronously
   info - Don't use 'BuildContext's across async gaps, guarded by an unrelated 'mounted' check - lib\screens\content_management_screen.dart:353:42 - use_build_context_synchronously
warning - The value of the local variable 'islamicGold' isn't used - lib\screens\content_management_screen.dart:897:11 - unused_local_variable
   info - Use 'const' with the constructor to improve performance - lib\screens\content_management_screen.dart:992:31 - prefer_const_constructors
   info - The private field _isUploading could be 'final' - lib\screens\content_management_screen.dart:1022:8 - prefer_final_fields
warning - The value of the field '_isUploading' isn't used - lib\screens\content_management_screen.dart:1022:8 - unused_field
   info - Don't use 'BuildContext's across async gaps, guarded by an unrelated 'mounted' check - lib\screens\content_management_screen.dart:1407:46 - use_build_context_synchronously
warning - Dead code - lib\screens\content_management_screen.dart:1638:29 - dead_code
   info - Use 'const' with the constructor to improve performance - lib\screens\content_management_screen.dart:1682:29 - prefer_const_constructors
warning - Dead code - lib\screens\content_management_screen.dart:1715:29 - dead_code
   info - Use 'const' with the constructor to improve performance - lib\screens\content_management_screen.dart:1792:37 - prefer_const_constructors
   info - Use 'const' with the constructor to improve performance - lib\screens\content_management_screen.dart:1808:37 - prefer_const_constructors
   info - Don't use 'BuildContext's across async gaps, guarded by an unrelated 'mounted' check - lib\screens\content_management_screen.dart:1857:41 - use_build_context_synchronously
   info - Unnecessary 'this.' qualifier - lib\screens\content_management_screen.dart:1910:51 - unnecessary_this
   info - Unnecessary 'this.' qualifier - lib\screens\content_management_screen.dart:2226:53 - unnecessary_this
   info - Use 'const' with the constructor to improve performance - lib\screens\content_management_screen.dart:2359:35 - prefer_const_constructors
   info - Unnecessary 'this.' qualifier - lib\screens\content_management_screen.dart:2375:55 - unnecessary_this
   info - Don't use 'BuildContext's across async gaps, guarded by an unrelated 'mounted' check - lib\screens\group_chat_screen.dart:700:46 - use_build_context_synchronously
   info - Don't use 'BuildContext's across async gaps, guarded by an unrelated 'mounted' check - lib\screens\group_chat_screen.dart:739:44 - use_build_context_synchronously
   info - Don't use 'BuildContext's across async gaps, guarded by an unrelated 'mounted' check - lib\screens\group_settings_screen.dart:438:42 - use_build_context_synchronously
   info - Don't use 'BuildContext's across async gaps, guarded by an unrelated 'mounted' check - lib\screens\group_settings_screen.dart:459:42 - use_build_context_synchronously
   info - Don't use 'BuildContext's across async gaps, guarded by an unrelated 'mounted' check - lib\screens\group_settings_screen.dart:794:46 - use_build_context_synchronously
   info - Don't use 'BuildContext's across async gaps, guarded by an unrelated 'mounted' check - lib\screens\group_settings_screen.dart:842:44 - use_build_context_synchronously
   info - Don't use 'BuildContext's across async gaps, guarded by an unrelated 'mounted' check - lib\screens\group_settings_screen.dart:878:33 - use_build_context_synchronously
   info - Don't use 'BuildContext's across async gaps, guarded by an unrelated 'mounted' check - lib\screens\group_settings_screen.dart:879:33 - use_build_context_synchronously
   info - Don't use 'BuildContext's across async gaps, guarded by an unrelated 'mounted' check - lib\screens\group_settings_screen.dart:880:33 - use_build_context_synchronously
   info - Don't use 'BuildContext's across async gaps, guarded by an unrelated 'mounted' check - lib\screens\group_settings_screen.dart:917:33 - use_build_context_synchronously
   info - Don't use 'BuildContext's across async gaps, guarded by an unrelated 'mounted' check - lib\screens\group_settings_screen.dart:918:33 - use_build_context_synchronously
   info - Don't use 'BuildContext's across async gaps, guarded by an unrelated 'mounted' check - lib\screens\group_settings_screen.dart:919:33 - use_build_context_synchronously
   info - Don't use 'BuildContext's across async gaps, guarded by an unrelated 'mounted' check - lib\screens\groups_screen.dart:675:41 - use_build_context_synchronously
   info - Don't use 'BuildContext's across async gaps, guarded by an unrelated 'mounted' check - lib\screens\groups_screen.dart:676:42 - use_build_context_synchronously
   info - The import of 'dart:ui' is unnecessary because all of the used elements are also provided by the import of 'package:flutter/material.dart' - lib\screens\habits_screen.dart:3:8 - unnecessary_import
   info - Use 'const' with the constructor to improve performance - lib\screens\habits_screen.dart:193:23 - prefer_const_constructors
   info - Use 'const' literals as arguments to constructors of '@immutable' classes - lib\screens\habits_screen.dart:196:23 - prefer_const_literals_to_create_immutables
   info - Use 'const' with the constructor to improve performance - lib\screens\habits_screen.dart:1203:47 - prefer_const_constructors
   info - Use 'const' with the constructor to improve performance - lib\screens\habits_screen.dart:1207:47 - prefer_const_constructors
   info - The import of 'dart:ui' is unnecessary because all of the used elements are also provided by the import of 'package:flutter/material.dart' - lib\screens\home_screen.dart:2:8 - unnecessary_import
   info - The private field _isTipsExpanded could be 'final' - lib\screens\home_screen.dart:51:8 - prefer_final_fields
warning - The value of the field '_isTipsExpanded' isn't used - lib\screens\home_screen.dart:51:8 - unused_field
   info - The declaration '_getLeaderboardTitle' isn't referenced - lib\screens\home_screen.dart:104:10 - unused_element
   info - Use 'const' with the constructor to improve performance - lib\screens\home_screen.dart:132:73 - prefer_const_constructors
   info - Use 'const' with the constructor to improve performance - lib\screens\home_screen.dart:236:73 - prefer_const_constructors
   info - Use 'const' with the constructor to improve performance - lib\screens\home_screen.dart:361:43 - prefer_const_constructors
   info - Use 'const' with the constructor to improve performance - lib\screens\home_screen.dart:378:43 - prefer_const_constructors
   info - Don't use 'BuildContext's across async gaps, guarded by an unrelated 'mounted' check - lib\screens\home_screen.dart:566:46 - use_build_context_synchronously
   info - Don't use 'BuildContext's across async gaps, guarded by an unrelated 'mounted' check - lib\screens\home_screen.dart:574:19 - use_build_context_synchronously
   info - Don't use 'BuildContext's across async gaps, guarded by an unrelated 'mounted' check - lib\screens\home_screen.dart:580:46 - use_build_context_synchronously
   info - Don't use 'BuildContext's across async gaps, guarded by an unrelated 'mounted' check - lib\screens\home_screen.dart:590:33 - use_build_context_synchronously
   info - The declaration '_getCurrentQuote' isn't referenced - lib\screens\home_screen.dart:645:10 - unused_element
   info - The declaration '_buildTimeUnit' isn't referenced - lib\screens\home_screen.dart:857:10 - unused_element
   info - The declaration '_launchUrl' isn't referenced - lib\screens\home_screen.dart:994:16 - unused_element
   info - Unnecessary use of 'toList' in a spread - lib\screens\home_screen.dart:1355:24 - unnecessary_to_list_in_spreads
   info - The declaration '_buildRafiqCard' isn't referenced - lib\screens\home_screen.dart:1596:10 - unused_element
   info - The declaration '_buildBreathingExerciseCard' isn't referenced - lib\screens\home_screen.dart:1698:10 - unused_element
   info - The declaration '_buildStoriesCard' isn't referenced - lib\screens\home_screen.dart:1915:10 - unused_element
   info - The declaration '_buildCommitmentCard' isn't referenced - lib\screens\home_screen.dart:2016:10 - unused_element
   info - The declaration '_buildJournalCard' isn't referenced - lib\screens\home_screen.dart:2407:10 - unused_element
   info - The declaration '_buildTimeSeparator' isn't referenced - lib\screens\home_screen.dart:2506:10 - unused_element
warning - The value of the local variable 'islamicGreen' isn't used - lib\screens\home_screen.dart:2812:11 - unused_local_variable
warning - The value of the local variable 'islamicTeal' isn't used - lib\screens\home_screen.dart:2813:11 - unused_local_variable
   info - Use 'const' with the constructor to improve performance - lib\screens\home_screen.dart:2912:17 - prefer_const_constructors
   info - Use 'const' with the constructor to improve performance - lib\screens\home_screen.dart:2913:26 - prefer_const_constructors
   info - Use 'const' with the constructor to improve performance - lib\screens\home_screen.dart:2915:28 - prefer_const_constructors
warning - The value of the local variable 'todayText' isn't used - lib\screens\journal_screen.dart:98:86 - unused_local_variable
   info - Use 'const' with the constructor to improve performance - lib\screens\leaderboard_screen.dart:202:13 - prefer_const_constructors
   info - Use 'const' with the constructor to improve performance - lib\screens\leaderboard_screen.dart:237:29 - prefer_const_constructors
   info - Don't use 'BuildContext's across async gaps - lib\screens\leaderboard_screen.dart:256:31 - use_build_context_synchronously
   info - Use 'const' with the constructor to improve performance - lib\screens\leaderboard_screen.dart:380:21 - prefer_const_constructors
   info - Don't use web-only libraries outside Flutter web plugin packages - lib\screens\pdf_reader_screen.dart:1:1 - avoid_web_libraries_in_flutter
   info - The import of 'dart:typed_data' is unnecessary because all of the used elements are also provided by the import of 'package:flutter/services.dart' - lib\screens\settings_screen.dart:1:8 - unnecessary_import
   info - Use 'const' with the constructor to improve performance - lib\screens\settings_screen.dart:277:25 - prefer_const_constructors
   info - The 'child' argument should be last in widget constructor invocations - lib\screens\settings_screen.dart:278:11 - sort_child_properties_last
   info - Use 'const' with the constructor to improve performance - lib\screens\settings_screen.dart:480:29 - prefer_const_constructors
warning - The value of the local variable 'subtitleText' isn't used - lib\screens\stories_screen.dart:82:12 - unused_local_variable
   info - The declaration '_buildOrnament' isn't referenced - lib\screens\stories_screen.dart:310:10 - unused_element
   info - The declaration '_buildOrnament' isn't referenced - lib\screens\tips_screen.dart:304:10 - unused_element
   info - The declaration '_getStatusIcon' isn't referenced - lib\screens\tracking_screen.dart:62:12 - unused_element
   info - The constant name 'MAX_PARTNERS' isn't a lowerCamelCase identifier - lib\services\accountability_service.dart:104:20 - constant_identifier_names
   info - Use 'const' with the constructor to improve performance - lib\services\analytics_service.dart:53:36 - prefer_const_constructors
   info - Use 'const' with the constructor to improve performance - lib\services\analytics_service.dart:65:37 - prefer_const_constructors
   info - Use 'const' with the constructor to improve performance - lib\services\badges_service.dart:48:7 - prefer_const_constructors
   info - Use 'const' with the constructor to improve performance - lib\services\badges_service.dart:49:7 - prefer_const_constructors
   info - Use 'const' with the constructor to improve performance - lib\services\badges_service.dart:50:7 - prefer_const_constructors
   info - Use 'const' with the constructor to improve performance - lib\services\badges_service.dart:51:7 - prefer_const_constructors
   info - Use 'const' with the constructor to improve performance - lib\services\badges_service.dart:52:7 - prefer_const_constructors
   info - Use 'const' with the constructor to improve performance - lib\services\badges_service.dart:53:7 - prefer_const_constructors
   info - Use 'const' with the constructor to improve performance - lib\services\badges_service.dart:54:7 - prefer_const_constructors
   info - Use 'const' with the constructor to improve performance - lib\services\badges_service.dart:55:7 - prefer_const_constructors
   info - Use 'const' with the constructor to improve performance - lib\services\badges_service.dart:56:7 - prefer_const_constructors
   info - Use 'const' with the constructor to improve performance - lib\services\badges_service.dart:57:7 - prefer_const_constructors
   info - Use 'const' with the constructor to improve performance - lib\services\badges_service.dart:58:7 - prefer_const_constructors
   info - Use 'const' with the constructor to improve performance - lib\services\badges_service.dart:59:7 - prefer_const_constructors
   info - Use 'const' with the constructor to improve performance - lib\services\badges_service.dart:60:7 - prefer_const_constructors
   info - Use 'const' with the constructor to improve performance - lib\services\badges_service.dart:61:7 - prefer_const_constructors
   info - Use 'const' with the constructor to improve performance - lib\services\badges_service.dart:62:7 - prefer_const_constructors
   info - Use 'const' with the constructor to improve performance - lib\services\badges_service.dart:63:7 - prefer_const_constructors
   info - Use 'const' with the constructor to improve performance - lib\services\badges_service.dart:64:7 - prefer_const_constructors
   info - Use 'const' with the constructor to improve performance - lib\services\badges_service.dart:65:7 - prefer_const_constructors
   info - Use 'const' with the constructor to improve performance - lib\services\badges_service.dart:66:7 - prefer_const_constructors
   info - Use 'const' with the constructor to improve performance - lib\services\badges_service.dart:67:7 - prefer_const_constructors
   info - Use 'const' with the constructor to improve performance - lib\services\badges_service.dart:68:7 - prefer_const_constructors
   info - Use 'const' with the constructor to improve performance - lib\services\badges_service.dart:69:7 - prefer_const_constructors
   info - Use 'const' with the constructor to improve performance - lib\services\badges_service.dart:70:7 - prefer_const_constructors
   info - Use 'const' with the constructor to improve performance - lib\services\badges_service.dart:71:7 - prefer_const_constructors
   info - Use 'const' with the constructor to improve performance - lib\services\badges_service.dart:72:7 - prefer_const_constructors
   info - Use 'const' with the constructor to improve performance - lib\services\badges_service.dart:73:7 - prefer_const_constructors
   info - The declaration '_getIconForDays' isn't referenced - lib\services\badges_service.dart:80:19 - unused_element
   info - The declaration '_getColorForDays' isn't referenced - lib\services\badges_service.dart:87:16 - unused_element
   info - The declaration '_getLevelForDays' isn't referenced - lib\services\badges_service.dart:95:17 - unused_element
warning - The value of the field '_random' isn't used - lib\services\challenge_service.dart:195:16 - unused_field
   info - The private field _lastCelebratedStage could be 'final' - lib\services\challenge_service.dart:208:7 - prefer_final_fields
warning - The value of the field '_lastCelebratedStage' isn't used - lib\services\challenge_service.dart:208:7 - unused_field
   info - The parameter name 'sum' matches a visible type name - lib\services\habits_service.dart:511:33 - avoid_types_as_parameter_names
   info - The import of 'dart:typed_data' is unnecessary because all of the used elements are also provided by the import of 'package:flutter/foundation.dart' - lib\services\library_service.dart:1:8 - unnecessary_import
   info - The declaration '_nextInstanceOfTime' isn't referenced - lib\services\notification_service.dart:78:17 - unused_element
   info - Don't invoke 'print' in production code - lib\services\private_message_service.dart:128:7 - avoid_print
   info - Don't invoke 'print' in production code - lib\services\private_message_service.dart:262:7 - avoid_print
   info - Don't invoke 'print' in production code - lib\services\private_message_service.dart:287:7 - avoid_print
   info - Don't invoke 'print' in production code - lib\services\private_message_service.dart:297:7 - avoid_print
   info - Don't invoke 'print' in production code - lib\services\private_message_service.dart:313:7 - avoid_print
   info - Don't invoke 'print' in production code - lib\services\private_message_service.dart:346:7 - avoid_print
   info - Don't invoke 'print' in production code - lib\services\private_message_service.dart:363:7 - avoid_print
   info - Don't invoke 'print' in production code - lib\services\private_message_service.dart:384:7 - avoid_print
   info - Don't invoke 'print' in production code - lib\services\private_message_service.dart:450:7 - avoid_print
   info - Don't invoke 'print' in production code - lib\services\private_message_service.dart:465:7 - avoid_print
   info - The import of 'dart:typed_data' is unnecessary because all of the used elements are also provided by the import of 'package:flutter/foundation.dart' - lib\services\upload_service.dart:2:8 - unnecessary_import
warning - Unused import: 'dart:io' - lib\widgets\reactions_widget.dart:3:8 - unused_import
   info - Convert 'key' to a super parameter - lib\widgets\user_avatar.dart:14:9 - use_super_parameters

